// Jest Snapshot v1, https://goo.gl/fbAQLP

exports[`Test /hello Normal payment flow 1`] = `Promise {}`;
